<custom-element class="custom-elements-defouc">content</custom-element>
