<custom-element style="display: none; visibility: hidden">content</custom-element>
