<custom-element style="visibility: hidden">content</custom-element>
