<custom-element style="display: none">content</custom-element>
