<span is="builtin-element" style="visibility: hidden">content</span>
