<span is="builtin-element" style="display: none">content</span>
