<span is="builtin-element" class="custom-elements-defouc">content</span>
