<span is="builtin-element" style="display: none; visibility: hidden">content</span>
