<custom-element>content</custom-element>
<span is="builtin-element">content</span>

<namespace-element style="visibility: hidden">content</namespace-element>
<span is="namespace-element" style="visibility: hidden">content</span>
