<custom-element style="visibility: hidden">content</custom-element>
<span is="builtin-element">content</span>
