<custom-element>content</custom-element>
<span is="builtin-element" style="visibility: hidden">content</span>
